00
    0 MC 0000
    4 MR 0000 00
0000 0000 0000 0000 0000 0001
0 4

01
    0 MC 0000
    4 MR 0000 01
    4 MC 0001
    7 MR 0001 12
    7 MC 0002
   10 MR 0002 34
0000 3412 0000 0000 0000 0003
0 10
